tests/security/IDL_Serialization/run_test.pl
tests/security/attributes/run_test.pl SC0_sec_off
tests/security/attributes/run_test.pl SC0_sec_sub
tests/security/attributes/run_test.pl SC0_sec_pub
tests/security/attributes/run_test.pl SC0_sec_on
tests/security/attributes/run_test.pl SC0_sec_on_ec_pub
tests/security/attributes/run_test.pl SC0_sec_on_ec_sub
tests/security/attributes/run_test.pl SC0_sec_on_ec_both
#tests/security/attributes/run_test.pl SC1_sec_off_failure
tests/security/attributes/run_test.pl SC1_sec_on_bad_cert_failure
tests/security/attributes/run_test.pl SC1_sec_on_bad_perm_1_failure
#tests/security/attributes/run_test.pl SC1_sec_on_bad_perm_2_failure
tests/security/attributes/run_test.pl SC1_sec_on_success
tests/security/attributes/run_test.pl SC2
tests/security/attributes/run_test.pl SC3
tests/security/attributes/run_test.pl SC4
tests/security/attributes/run_test.pl SC5
tests/security/attributes/run_test.pl TEST_8_8_5_FAILURE
tests/security/attributes/run_test.pl TEST_8_8_5_SUCCESS
tests/security/attributes/run_test.pl multiple_grants: !GH_ACTIONS
tests/security/attributes/run_test.pl FullMsgSign
tests/security/attributes/run_test.pl FullMsgEncrypt
tests/security/attributes/run_test.pl FullMsgSign_SubMsgSign
tests/security/attributes/run_test.pl FullMsgSign_SubMsgEncrypt
tests/security/attributes/run_test.pl FullMsgEncrypt_SubMsgSign
tests/security/attributes/run_test.pl FullMsgEncrypt_SubMsgEncrypt
tests/security/attributes/run_test.pl FullMsgSign_PayloadEncrypt
tests/security/attributes/run_test.pl FullMsgEncrypt_PayloadEncrypt
tests/security/attributes/run_test.pl FullMsgSign_SubMsgSign_PayloadEncrypt
tests/security/attributes/run_test.pl FullMsgSign_SubMsgEncrypt_PayloadEncrypt
tests/security/attributes/run_test.pl FullMsgEncrypt_SubMsgSign_PayloadEncrypt
tests/security/attributes/run_test.pl FullMsgEncrypt_SubMsgEncrypt_PayloadEncrypt
#tests/security/attributes/run_test.pl FullMsgSign_PayloadEncrypt_Frag
tests/security/attributes/run_test.pl Partitions_DefaultQoS
tests/security/attributes/run_test.pl Partitions_Denied
tests/security/attributes/run_test.pl Partitions_Match
tests/security/attributes/run_test.pl Partitions_Reordered
tests/security/attributes/run_test.pl Partitions_Subset
tests/security/attributes/run_test.pl secure-part-user-data: !NO_BUILT_IN_TOPICS
tests/security/attributes/run_test.pl unsecure-part-user-data: !NO_BUILT_IN_TOPICS !GH_ACTIONS
tests/security/TopicWithoutPermissions/run_test.pl
tests/security/SingleParticipantWithSecurity/run_test.pl: !DDS_NO_OWNERSHIP_PROFILE

tests/DCPS/RtpsRelay/Smoke/run_test.pl: !DCPS_MIN CXX11 RTPS !NO_BUILT_IN_TOPICS !OPENDDS_SAFETY_PROFILE RAPIDJSON
tests/DCPS/RtpsRelay/Smoke/run_test.pl secure: !DCPS_MIN CXX11 RTPS !NO_BUILT_IN_TOPICS !OPENDDS_SAFETY_PROFILE RAPIDJSON
tests/DCPS/RtpsRelay/Smoke/run_test.pl join: !DCPS_MIN CXX11 RTPS !NO_BUILT_IN_TOPICS !OPENDDS_SAFETY_PROFILE RAPIDJSON
tests/DCPS/RtpsRelay/Smoke/run_test.pl single: !DCPS_MIN CXX11 RTPS !NO_BUILT_IN_TOPICS !OPENDDS_SAFETY_PROFILE RAPIDJSON
tests/DCPS/RtpsRelay/Smoke/run_test.pl ipv6: !DCPS_MIN CXX11 RTPS !NO_BUILT_IN_TOPICS !OPENDDS_SAFETY_PROFILE IPV6 RAPIDJSON
tests/DCPS/RtpsRelay/Smoke/run_test.pl ipv6 secure: !DCPS_MIN CXX11 RTPS !NO_BUILT_IN_TOPICS !OPENDDS_SAFETY_PROFILE IPV6 RAPIDJSON
tests/DCPS/RtpsRelay/Smoke/run_test.pl ipv6 join: !DCPS_MIN CXX11 RTPS !NO_BUILT_IN_TOPICS !OPENDDS_SAFETY_PROFILE IPV6 RAPIDJSON
tests/DCPS/RtpsRelay/Smoke/run_test.pl ipv6 single: !DCPS_MIN CXX11 RTPS !NO_BUILT_IN_TOPICS !OPENDDS_SAFETY_PROFILE IPV6 RAPIDJSON
tests/DCPS/RtpsRelay/Smoke/run_lease_duration_test.pl: !DCPS_MIN CXX11 RTPS !NO_BUILT_IN_TOPICS !OPENDDS_SAFETY_PROFILE RAPIDJSON
tests/DCPS/RtpsRelay/Smoke/run_lease_duration_test.pl reverse: !DCPS_MIN CXX11 RTPS !NO_BUILT_IN_TOPICS !OPENDDS_SAFETY_PROFILE RAPIDJSON
tests/DCPS/RtpsRelay/Smoke/run_lease_duration_test.pl secure: !DCPS_MIN CXX11 RTPS !NO_BUILT_IN_TOPICS !OPENDDS_SAFETY_PROFILE RAPIDJSON
tests/DCPS/RtpsRelay/Smoke/run_lease_duration_test.pl reverse secure: !DCPS_MIN CXX11 RTPS !NO_BUILT_IN_TOPICS !OPENDDS_SAFETY_PROFILE RAPIDJSON
tests/DCPS/RtpsRelay/STUN/run_test.pl: !DCPS_MIN CXX11 RTPS !NO_BUILT_IN_TOPICS !OPENDDS_SAFETY_PROFILE RAPIDJSON
tests/DCPS/RtpsRelay/STUN/run_test.pl ipv6: !DCPS_MIN CXX11 RTPS !NO_BUILT_IN_TOPICS !OPENDDS_SAFETY_PROFILE IPV6 RAPIDJSON

performance-tests/bench/run_test.pl disco_relay show-logs: !DCPS_MIN !NO_MCAST RTPS !DDS_NO_OWNERSHIP_PROFILE !OPENDDS_SAFETY_PROFILE CXX11 RAPIDJSON

tests/DCPS/ParticipantLocationTopic/run_test.pl:            !DCPS_MIN CXX11 RTPS !NO_BUILT_IN_TOPICS !OPENDDS_SAFETY_PROFILE !IPV6 RAPIDJSON
tests/DCPS/ParticipantLocationTopic/run_test.pl ipv6:       !DCPS_MIN CXX11 RTPS !NO_BUILT_IN_TOPICS !OPENDDS_SAFETY_PROFILE IPV6 RAPIDJSON !GH_ACTIONS
tests/DCPS/ParticipantLocationTopic/run_test.pl noice:      !DCPS_MIN CXX11 RTPS !NO_BUILT_IN_TOPICS !OPENDDS_SAFETY_PROFILE !IPV6 RAPIDJSON
tests/DCPS/ParticipantLocationTopic/run_test.pl noice ipv6: !DCPS_MIN CXX11 RTPS !NO_BUILT_IN_TOPICS !OPENDDS_SAFETY_PROFILE IPV6 RAPIDJSON !GH_ACTIONS

tests/DCPS/Restart/run_test.pl --secure: !GH_ACTIONS
tests/DCPS/LargeSample/run_test.pl rtps_disc_sec: !DDS_NO_OWNERSHIP_PROFILE
tests/DCPS/XTypes/run_test.pl --secure

tests/security/ConcurrentAuthLimit/run_test.pl
tests/security/ConcurrentAuthLimit/run_test.pl no_limit
tests/security/CheckInstance/run_test.pl: !DDS_NO_CONTENT_SUBSCRIPTION
