
#
# This is the list of run_test.pl's that need to be run by
# auto_run_tests.pl.
# Each line has its own test, and a test can be followed by a
# list of configurations required to be enabled (or not
# enabled if preceded by !). For example,
#
# tests/DCPS/SomeTest/run_test.pl rtps: !DCPS_MIN RTPS
#
# means to run if the build is not a minimal test and RTPS is enabled.
#

tools/scripts/modules/tests/command_utils.pl: !Win32
tools/scripts/modules/tests/ChangeDir.pl
tests/DCPS/AddressLookup/run_test.pl

tests/DCPS/Prst_delayed_subscriber/run_test.pl: !DCPS_MIN !OPENDDS_SAFETY_PROFILE
tests/DCPS/ZeroCopyRead/run_test.pl: !DCPS_MIN
tests/DCPS/ZeroCopyRead/run_test.pl by_instance: !DCPS_MIN
tests/DCPS/ZeroCopyDataReaderListener/run_test.pl: !DCPS_MIN
tests/DCPS/DCPSInfoRepo/run_test.pl: !OPENDDS_SAFETY_PROFILE
tests/DCPS/DCPSInfoRepo/run_test.pl rtps_disc: !DCPS_MIN !NO_MCAST RTPS !OPENDDS_SAFETY_PROFILE
tests/DCPS/MockedTypeSupport/run_test.pl
tests/DCPS/DestinationOrder/run_test.pl: !DCPS_MIN !DDS_NO_OWNERSHIP_PROFILE
tests/DCPS/DestinationOrder/run_test.pl source: !DCPS_MIN !DDS_NO_OWNERSHIP_PROFILE
tests/DCPS/Dispose/run_test.pl: !DCPS_MIN !DDS_NO_OWNERSHIP_PROFILE
tests/DCPS/FooTest3_0/run_test.pl: !DDS_NO_OBJECT_MODEL_PROFILE !DDS_NO_OWNERSHIP_PROFILE
tests/DCPS/FooTest3_0/run_test.pl unregister: !DCPS_MIN !DDS_NO_OBJECT_MODEL_PROFILE !DDS_NO_OWNERSHIP_PROFILE
tests/DCPS/FooTest3_0/run_test.pl unregister_nil: !DCPS_MIN !DDS_NO_OBJECT_MODEL_PROFILE !DDS_NO_OWNERSHIP_PROFILE
tests/DCPS/FooTest3_0/run_test.pl dispose: !DCPS_MIN !DDS_NO_OBJECT_MODEL_PROFILE !DDS_NO_OWNERSHIP_PROFILE
tests/DCPS/FooTest3_0/run_test.pl dispose_qc: !DCPS_MIN !DDS_NO_OBJECT_MODEL_PROFILE !DDS_NO_QUERY_CONDITION !DDS_NO_OWNERSHIP_PROFILE
tests/DCPS/FooTest3_0/run_test.pl resume: !DCPS_MIN !DDS_NO_OBJECT_MODEL_PROFILE !DDS_NO_OWNERSHIP_PROFILE
tests/DCPS/FooTest3_0/run_test.pl listener: !DCPS_MIN !DDS_NO_OBJECT_MODEL_PROFILE !DDS_NO_OWNERSHIP_PROFILE
tests/DCPS/FooTest3_0/run_test.pl allocator: !DCPS_MIN !DDS_NO_OBJECT_MODEL_PROFILE !DDS_NO_OWNERSHIP_PROFILE
tests/DCPS/FooTest3_0/run_test.pl liveliness: !DCPS_MIN !DDS_NO_OBJECT_MODEL_PROFILE !DDS_NO_OWNERSHIP_PROFILE

# only difference between FooTest3_1 and 3_2 is that 3_2 has unbounded sequences, so no need to maintain 3_1
# FooTest3_2 <no args>, mi, and mw options will be covered by Instances tests once PubDriver populates unbounded_sequence
tests/DCPS/FooTest3_2/run_test.pl: !DDS_NO_OWNERSHIP_PROFILE
tests/DCPS/FooTest3_2/run_test.pl mi: !DCPS_MIN !DDS_NO_OWNERSHIP_PROFILE
tests/DCPS/FooTest3_2/run_test.pl mw: !DCPS_MIN !DDS_NO_OWNERSHIP_PROFILE

# these tests are testing blocking and are not covered by Instances tests
tests/DCPS/FooTest3_2/run_test.pl bp_remove: !DCPS_MIN
tests/DCPS/FooTest3_2/run_test.pl b: !DCPS_MIN !OPENDDS_SAFETY_PROFILE !DDS_NO_OWNERSHIP_PROFILE
tests/DCPS/FooTest3_2/run_test.pl rtps b: !DCPS_MIN RTPS !STATIC !DDS_NO_OWNERSHIP_PROFILE

tests/DCPS/LivelinessTest/run_test.pl: !DCPS_MIN !DDS_NO_OWNERSHIP_PROFILE !OPENDDS_SAFETY_PROFILE
tests/DCPS/LivelinessTest/run_test.pl take: !DCPS_MIN !DDS_NO_OWNERSHIP_PROFILE !OPENDDS_SAFETY_PROFILE
tests/DCPS/LivelinessTest/run_test.pl udp: !DCPS_MIN !DDS_NO_OWNERSHIP_PROFILE !OPENDDS_SAFETY_PROFILE
tests/DCPS/LivelinessTest/run_test.pl rtps_disc: !DCPS_MIN !DDS_NO_OWNERSHIP_PROFILE RTPS !OPENDDS_SAFETY_PROFILE
tests/DCPS/LivelinessTest/run_test.pl rtps_disc take: !DCPS_MIN !DDS_NO_OWNERSHIP_PROFILE RTPS !OPENDDS_SAFETY_PROFILE

tests/DCPS/FindTopic/run_test.pl
tests/DCPS/FindTopic/run_test.pl rtps: RTPS
tests/DCPS/Inconsistent_Qos/run_test.pl: RTPS XERCES3 !STATIC !DDS_NO_PERSISTENCE_PROFILE
tests/DCPS/InconsistentTopic/run_test.pl rtps_disc: RTPS !NO_BUILT_IN_TOPICS
tests/DCPS/TopicReuse/run_test.pl: RTPS
tests/DCPS/DpShutdown/run_test.pl: RTPS
tests/DCPS/DpShutdown/run_test.pl t=tcp: !DCPS_MIN !OPENDDS_SAFETY_PROFILE !DDS_NO_OWNERSHIP_PROFILE
tests/DCPS/DpShutdown/run_test.pl t=shmem: !DCPS_MIN !OPENDDS_SAFETY_PROFILE !DDS_NO_OWNERSHIP_PROFILE !NO_SHMEM
tests/DCPS/DpShutdown/run_test.pl t=udp: !DCPS_MIN !OPENDDS_SAFETY_PROFILE !DDS_NO_OWNERSHIP_PROFILE
tests/DCPS/DpShutdown/run_test.pl t=multicast: !DCPS_MIN !OPENDDS_SAFETY_PROFILE !DDS_NO_OWNERSHIP_PROFILE !NO_MCAST

tests/DCPS/ContainsEntity/run_test.pl: RTPS

tests/DCPS/Serializer/run_test.pl: !DCPS_MIN

tests/DCPS/Compiler/idl_test1_main/run_test.pl: !DCPS_MIN !OPENDDS_SAFETY_PROFILE
tests/DCPS/Compiler/idl_test3_main/run_test.pl: !DCPS_MIN !OPENDDS_SAFETY_PROFILE
tests/DCPS/Compiler/C++11/idl_test1_main/run_test.pl: !DCPS_MIN CXX11 !OPENDDS_SAFETY_PROFILE
tests/DCPS/Compiler/C++11/idl_test3_main/run_test.pl: !DCPS_MIN CXX11 !OPENDDS_SAFETY_PROFILE
tests/DCPS/Compiler/C++11/value_annotation/run_test.pl: !DCPS_MIN CXX11 !OPENDDS_SAFETY_PROFILE
tests/DCPS/Compiler/key_annotation/run_test.pl: !DCPS_MIN
tests/DCPS/Compiler/is_topic_type/run_test.pl: !DCPS_MIN
tests/DCPS/Compiler/vread_vwrite/run_test.pl: !DCPS_MIN RAPIDJSON CXX11
tests/DCPS/Compiler/TryConstruct/run_test.pl: !DCPS_MIN
tests/DCPS/Compiler/TryConstruct/C++11/run_test.pl: !DCPS_MIN CXX11 !OPENDDS_SAFETY_PROFILE
tests/DCPS/Compiler/typeobject_hash_consistency/run_test.pl: !DCPS_MIN !OPENDDS_SAFETY_PROFILE
tests/DCPS/Compiler/xcdr/run_test.pl
tests/DCPS/Compiler/xcdr/run_test.pl --dynamic: !OPENDDS_SAFETY_PROFILE !DDS_NO_CONTENT_SUBSCRIPTION
tests/DCPS/Compiler/XtypesExtensibility/run_test.pl: !DCPS_MIN
tests/DCPS/Compiler/typeobject_generator/run_test.pl
tests/DCPS/Compiler/keywords/run_test.pl classic: !DCPS_MIN
tests/DCPS/Compiler/keywords/run_test.pl cpp11: !DCPS_MIN CXX11 !OPENDDS_SAFETY_PROFILE
tests/DCPS/Compiler/explicit_ints/run_test.pl classic: !DCPS_MIN
tests/DCPS/Compiler/explicit_ints/run_test.pl cpp11: !DCPS_MIN CXX11 !OPENDDS_SAFETY_PROFILE
tests/DCPS/Compiler/char_literals/run_test.pl classic: !DCPS_MIN
tests/DCPS/Compiler/char_literals/run_test.pl cpp11: !DCPS_MIN CXX11 !OPENDDS_SAFETY_PROFILE
tests/DCPS/Compiler/union_defaults/run_test.pl: !DCPS_MIN
tests/DCPS/Compiler/union_defaults/C++11/run_test.pl: !DCPS_MIN CXX11
tests/DCPS/Compiler/optional/run_test.pl: !DCPS_MIN CXX17

tests/DCPS/optional/run_test.pl: CXX17
tests/DCPS/optional/run_test.pl ini=rtps.ini: RTPS CXX17

tests/DCPS/C++11/Messenger/run_test.pl: !DCPS_MIN CXX11 !DDS_NO_OWNERSHIP_PROFILE !OPENDDS_SAFETY_PROFILE

tests/DCPS/DcpsIntegration/run_test-integration.pl: !DCPS_MIN !DDS_NO_OWNERSHIP_PROFILE
tests/DCPS/DcpsIntegration/run_test-topic.pl: !DCPS_MIN !DDS_NO_PERSISTENCE_PROFILE !DDS_NO_OWNERSHIP_PROFILE
tests/DCPS/DcpsIntegration/run_test-topic.pl rtps_disc: !DCPS_MIN !NO_MCAST RTPS !DDS_NO_PERSISTENCE_PROFILE !DDS_NO_OWNERSHIP_PROFILE
tests/DCPS/DcpsIntegration/run_test-topic.pl rtps_disc_tcp: !DCPS_MIN !NO_MCAST RTPS !DDS_NO_PERSISTENCE_PROFILE !OPENDDS_SAFETY_PROFILE !DDS_NO_OWNERSHIP_PROFILE

tests/DCPS/FooTest4/run_test.pl: !DDS_NO_OWNERSHIP_PROFILE !DDS_NO_OBJECT_MODEL_PROFILE
tests/DCPS/FooTest4/run_test.pl mi: !DCPS_MIN !DDS_NO_OWNERSHIP_PROFILE !DDS_NO_OBJECT_MODEL_PROFILE
tests/DCPS/FooTest4/run_test.pl mr: !DCPS_MIN !DDS_NO_OWNERSHIP_PROFILE !DDS_NO_OBJECT_MODEL_PROFILE
tests/DCPS/FooTest4/run_test.pl mri: !DCPS_MIN !DDS_NO_OWNERSHIP_PROFILE !DDS_NO_OBJECT_MODEL_PROFILE
tests/DCPS/FooTest4/run_test.pl mrit: !DCPS_MIN !DDS_NO_OWNERSHIP_PROFILE !DDS_NO_OBJECT_MODEL_PROFILE

tests/DCPS/FooTest4_0/run_test.pl: !DDS_NO_OWNERSHIP_PROFILE

tests/DCPS/FooTest5/run_test.pl: !DCPS_MIN !OPENDDS_SAFETY_PROFILE !DDS_NO_OWNERSHIP_PROFILE
tests/DCPS/FooTest5/run_test.pl udp: !DCPS_MIN !OPENDDS_SAFETY_PROFILE !DDS_NO_OWNERSHIP_PROFILE
tests/DCPS/FooTest5/run_test.pl multicast: !DCPS_MIN !NO_MCAST !OPENDDS_SAFETY_PROFILE !DDS_NO_OWNERSHIP_PROFILE
tests/DCPS/FooTest5/run_test.pl rtps: !DCPS_MIN RTPS !DDS_NO_OWNERSHIP_PROFILE
tests/DCPS/FooTest5/run_test.pl shmem: !DCPS_MIN !NO_SHMEM !OPENDDS_SAFETY_PROFILE !DDS_NO_OWNERSHIP_PROFILE
tests/DCPS/FooTest5/run_test.pl mi: !DCPS_MIN !OPENDDS_SAFETY_PROFILE !DDS_NO_OWNERSHIP_PROFILE
tests/DCPS/FooTest5/run_test.pl udp mi: !DCPS_MIN !OPENDDS_SAFETY_PROFILE !DDS_NO_OWNERSHIP_PROFILE
tests/DCPS/FooTest5/run_test.pl rtps mi: !DCPS_MIN RTPS !DDS_NO_OWNERSHIP_PROFILE
tests/DCPS/FooTest5/run_test.pl shmem mi: !DCPS_MIN !NO_SHMEM !OPENDDS_SAFETY_PROFILE !DDS_NO_OWNERSHIP_PROFILE
tests/DCPS/FooTest5/run_test.pl nokey mi: !DCPS_MIN !OPENDDS_SAFETY_PROFILE !DDS_NO_OWNERSHIP_PROFILE
tests/DCPS/FooTest5/run_test.pl nokey udp mi: !DCPS_MIN !OPENDDS_SAFETY_PROFILE !DDS_NO_OWNERSHIP_PROFILE
tests/DCPS/FooTest5/run_test.pl nokey rtps mi: !DCPS_MIN RTPS !DDS_NO_OWNERSHIP_PROFILE
tests/DCPS/FooTest5/run_test.pl nokey shmem mi: !DCPS_MIN !NO_SHMEM !OPENDDS_SAFETY_PROFILE !DDS_NO_OWNERSHIP_PROFILE
tests/DCPS/FooTest5/run_test.pl blocking: !DCPS_MIN !DDS_NO_OWNERSHIP_PROFILE
tests/DCPS/FooTest5/run_test.pl blocking_timeout: !DCPS_MIN !DDS_NO_OWNERSHIP_PROFILE
tests/DCPS/FooTest5/run_test.pl mwmr: !DCPS_MIN !DDS_NO_OWNERSHIP_PROFILE
tests/DCPS/FooTest5/run_test.pl mr: !DCPS_MIN !DDS_NO_OWNERSHIP_PROFILE
tests/DCPS/FooTest5/run_test.pl multicast mr: !DCPS_MIN !OPENDDS_SAFETY_PROFILE !DDS_NO_OWNERSHIP_PROFILE
tests/DCPS/FooTest5/run_test.pl mixed_trans: !DCPS_MIN !OPENDDS_SAFETY_PROFILE !DDS_NO_OWNERSHIP_PROFILE
tests/DCPS/FooTest5_0/run_test.pl: !STATIC !DDS_NO_OWNERSHIP_PROFILE !OPENDDS_SAFETY_PROFILE
tests/DCPS/FooTest5_0/run_test.pl udp: !DCPS_MIN !STATIC !DDS_NO_OWNERSHIP_PROFILE !OPENDDS_SAFETY_PROFILE
tests/DCPS/FooTest5_0/run_test.pl rtps: !DCPS_MIN !STATIC RTPS !DDS_NO_OWNERSHIP_PROFILE !BROKEN_DLCLOSE
tests/DCPS/FooTest5_0/run_test.pl shmem: !DCPS_MIN !STATIC !NO_SHMEM !DDS_NO_OWNERSHIP_PROFILE !OPENDDS_SAFETY_PROFILE
tests/DCPS/FooTest5_0/run_test.pl diff_trans: !DCPS_MIN !STATIC !DDS_NO_OWNERSHIP_PROFILE !OPENDDS_SAFETY_PROFILE
tests/DCPS/MultiDPTest/run_test.pl: !DCPS_MIN !DDS_NO_OWNERSHIP_PROFILE
tests/DCPS/TransientLocalMultiInstanceTest/run_test.pl: !DCPS_MIN !OPENDDS_SAFETY_PROFILE !DDS_NO_OWNERSHIP_PROFILE
tests/DCPS/TransientLocalMultiInstanceTest/run_test.pl rtps: !DCPS_MIN RTPS !STATIC !DDS_NO_OWNERSHIP_PROFILE
tests/DCPS/TransientLocalMultiInstanceTest/run_test.pl rtps_disc: !DCPS_MIN RTPS !STATIC !DDS_NO_OWNERSHIP_PROFILE
tests/DCPS/TransientLocalTest/run_test.pl: !DCPS_MIN !OPENDDS_SAFETY_PROFILE !DDS_NO_OWNERSHIP_PROFILE
tests/DCPS/TransientLocalTest/run_test.pl rtps: !DCPS_MIN RTPS !STATIC !DDS_NO_OWNERSHIP_PROFILE
tests/DCPS/DelayedDurable/run_test.pl: !DCPS_MIN RTPS
tests/DCPS/DelayedDurable/run_test.pl --large-samples: !DCPS_MIN RTPS
tests/DCPS/DelayedDurable/run_test.pl --early-reader: !DCPS_MIN RTPS
tests/DCPS/MultiRepoTest/run_test.pl: !DCPS_MIN !OPENDDS_SAFETY_PROFILE !DDS_NO_OWNERSHIP_PROFILE
tests/DCPS/MultiRepoTest/run_test.pl fileconfig: !DCPS_MIN !OPENDDS_SAFETY_PROFILE !DDS_NO_OWNERSHIP_PROFILE
tests/DCPS/Presentation/run_test.pl: !DCPS_MIN !DDS_NO_OBJECT_MODEL_PROFILE !DDS_NO_OWNERSHIP_PROFILE
tests/DCPS/ReaderDataLifecycle/run_test.pl: !DCPS_MIN !OPENDDS_SAFETY_PROFILE !DDS_NO_OWNERSHIP_PROFILE
tests/DCPS/ReaderDataLifecycle/run_test.pl rtps: !DCPS_MIN RTPS !DDS_NO_OWNERSHIP_PROFILE
tests/DCPS/Reconnect/run_test.pl: !DCPS_MIN !OPENDDS_SAFETY_PROFILE !DDS_NO_OWNERSHIP_PROFILE
tests/DCPS/Reconnect/run_test.pl restart_sub: !DCPS_MIN !OPENDDS_SAFETY_PROFILE !DDS_NO_OWNERSHIP_PROFILE !GH_ACTIONS_W22
tests/DCPS/Reconnect/run_test.pl restart_pub: !DCPS_MIN !OPENDDS_SAFETY_PROFILE !DDS_NO_OWNERSHIP_PROFILE !GH_ACTIONS_W22
tests/DCPS/Reconnect/run_test.pl bp_timeout: !DCPS_MIN !OPENDDS_SAFETY_PROFILE !DDS_NO_OWNERSHIP_PROFILE
tests/DCPS/Reconnect/run_test.pl sub_init_crash: !DCPS_MIN !OPENDDS_SAFETY_PROFILE !DDS_NO_OWNERSHIP_PROFILE
tests/DCPS/Restart/run_test.pl: RTPS !OPENDDS_SAFETY_PROFILE
tests/DCPS/sub_init_loop/run_test.pl: !DCPS_MIN !OPENDDS_SAFETY_PROFILE
tests/DCPS/TimeBasedFilter/run_test.pl: !DCPS_MIN !DDS_NO_OWNERSHIP_PROFILE
tests/DCPS/TimeBasedFilter/run_test.pl -reliable: !DCPS_MIN !DDS_NO_OWNERSHIP_PROFILE !GH_ACTIONS_OPENDDS_SAFETY_PROFILE
tests/DCPS/TcpReconnect/run_test.pl: !DCPS_MIN !OPENDDS_SAFETY_PROFILE !DDS_NO_OWNERSHIP_PROFILE

tests/DCPS/BuiltInTopic/run_test.pl: !DCPS_MIN !NO_BUILT_IN_TOPICS !OPENDDS_SAFETY_PROFILE
tests/DCPS/BuiltInTopic/run_test.pl ignore_part: !DCPS_MIN !NO_BUILT_IN_TOPICS !OPENDDS_SAFETY_PROFILE
tests/DCPS/BuiltInTopic/run_test.pl ignore_topic: !DCPS_MIN !NO_BUILT_IN_TOPICS !OPENDDS_SAFETY_PROFILE
tests/DCPS/BuiltInTopic/run_test.pl ignore_pub: !DCPS_MIN !NO_BUILT_IN_TOPICS !OPENDDS_SAFETY_PROFILE
tests/DCPS/BuiltInTopic/run_test.pl ignore_sub: !DCPS_MIN !NO_BUILT_IN_TOPICS !OPENDDS_SAFETY_PROFILE
tests/DCPS/BuiltInTopicTest/run_test.pl: !DCPS_MIN !NO_BUILT_IN_TOPICS !DDS_NO_OWNERSHIP_PROFILE !TARGET
tests/DCPS/BuiltInTopicTest/prst_repo_run_test.pl: !DCPS_MIN !NO_BUILT_IN_TOPICS !OPENDDS_SAFETY_PROFILE !DDS_NO_OWNERSHIP_PROFILE

tests/DCPS/CorbaSeq/run_test.pl: !DCPS_MIN !OPENDDS_SAFETY_PROFILE
tests/DCPS/ViewState/run_test.pl: !DCPS_MIN !DDS_NO_OWNERSHIP_PROFILE

tests/DCPS/NotifyTest/run_test.pl: !DCPS_MIN !GH_ACTIONS_OPENDDS_SAFETY_PROFILE
tests/DCPS/Observer/run_test.pl: !DCPS_MIN
tests/DCPS/Reliability/run_test.pl: !DCPS_MIN !DDS_NO_OWNERSHIP_PROFILE !OPENDDS_SAFETY_PROFILE
tests/DCPS/Reliability/run_test.pl rtps: !DCPS_MIN !DDS_NO_OWNERSHIP_PROFILE
tests/DCPS/ReliableBestEffortReaders/run_test.pl: RTPS !DCPS_MIN

tests/DCPS/WriteDataContainer/run_test.pl: !DCPS_MIN

tests/transport/simple/run_test.pl bp: !NO_DDS_TRANSPORT !DCPS_MIN !OPENDDS_SAFETY_PROFILE
tests/transport/simple/run_test.pl n: !NO_DDS_TRANSPORT !DCPS_MIN !OPENDDS_SAFETY_PROFILE
tests/transport/simple/run_test.pl: !NO_DDS_TRANSPORT !DCPS_MIN !OPENDDS_SAFETY_PROFILE

tests/transport/simple/run_test.pl shmem bp: !NO_DDS_TRANSPORT !DCPS_MIN !NO_SHMEM !OPENDDS_SAFETY_PROFILE
tests/transport/simple/run_test.pl shmem n: !NO_DDS_TRANSPORT !DCPS_MIN !NO_SHMEM !OPENDDS_SAFETY_PROFILE
tests/transport/simple/run_test.pl shmem: !NO_DDS_TRANSPORT !DCPS_MIN !NO_SHMEM !OPENDDS_SAFETY_PROFILE

tests/transport/error_handling/run_test.pl: !NO_DDS_TRANSPORT !DCPS_MIN !OPENDDS_SAFETY_PROFILE

tests/transport/network_resource/run_test.pl: !NO_DDS_TRANSPORT !DCPS_MIN !OPENDDS_SAFETY_PROFILE

performance-tests/DCPS/InfoRepo_population/run_test.pl: !DCPS_MIN !MIN_CORBA !OPENDDS_SAFETY_PROFILE

performance-tests/DCPS/TCPListenerTest/run_test.pl -p 1 -s 1: !DCPS_MIN !OPENDDS_SAFETY_PROFILE !DDS_NO_OWNERSHIP_PROFILE
performance-tests/DCPS/TCPListenerTest/run_test.pl -p 1 -s 1 -c: !DCPS_MIN !OPENDDS_SAFETY_PROFILE !DDS_NO_OWNERSHIP_PROFILE
performance-tests/DCPS/TCPListenerTest/run_test.pl -p 1 -s 4: !DCPS_MIN !OPENDDS_SAFETY_PROFILE !DDS_NO_OWNERSHIP_PROFILE
performance-tests/DCPS/TCPListenerTest/run_test.pl -p 2 -s 3: !DCPS_MIN !OPENDDS_SAFETY_PROFILE !DDS_NO_OWNERSHIP_PROFILE
performance-tests/DCPS/TCPListenerTest/run_test.pl -p 4 -s 1: !DCPS_MIN !OPENDDS_SAFETY_PROFILE !DDS_NO_OWNERSHIP_PROFILE

## N.B. There appear to be some bad assumptions in the following tests:
#performance-tests/DCPS/UDPListenerTest/run_test-1p1s.pl: !DCPS_MIN
#performance-tests/DCPS/UDPListenerTest/run_test-4p1s.pl: !DCPS_MIN
#performance-tests/DCPS/UDPListenerTest/run_test-1p4s.pl: !DCPS_MIN
#performance-tests/DCPS/UDPListenerTest/run_test-2p3s.pl: !DCPS_MIN

## N.B. There appear to be some bad assumptions in the following tests:
#performance-tests/DCPS/MulticastListenerTest/run_test.pl -p 1 -s 1: !DCPS_MIN !NO_MCAST
#performance-tests/DCPS/MulticastListenerTest/run_test.pl -p 4 -s 1: !DCPS_MIN !NO_MCAST
#performance-tests/DCPS/MulticastListenerTest/run_test.pl -p 1 -s 4: !DCPS_MIN !NO_MCAST
#performance-tests/DCPS/MulticastListenerTest/run_test.pl -p 2 -s 3: !DCPS_MIN !NO_MCAST

DevGuideExamples/DCPS/Messenger/run_test.pl: !DCPS_MIN !OPENDDS_SAFETY_PROFILE
DevGuideExamples/DCPS/Messenger/run_test.pl --rtps: !DCPS_MIN !OPENDDS_SAFETY_PROFILE RTPS
DevGuideExamples/DCPS/Messenger_ZeroCopy/run_test.pl: !DCPS_MIN !OPENDDS_SAFETY_PROFILE

tests/DCPS/Messenger/run_test.pl: !DCPS_MIN !OPENDDS_SAFETY_PROFILE !DDS_NO_OWNERSHIP_PROFILE
tests/DCPS/Messenger/run_test.pl default_tcp: !DCPS_MIN !OPENDDS_SAFETY_PROFILE !DDS_NO_OWNERSHIP_PROFILE
tests/DCPS/Messenger/run_test.pl thread_per: !DCPS_MIN !OPENDDS_SAFETY_PROFILE !DDS_NO_OWNERSHIP_PROFILE
tests/DCPS/Messenger/run_test.pl udp: !DCPS_MIN !OPENDDS_SAFETY_PROFILE
tests/DCPS/Messenger/run_test.pl default_udp: !DCPS_MIN !OPENDDS_SAFETY_PROFILE
tests/DCPS/Messenger/run_test.pl multicast: !DCPS_MIN !NO_MCAST !OPENDDS_SAFETY_PROFILE !DDS_NO_OWNERSHIP_PROFILE
tests/DCPS/Messenger/run_test.pl multicast_be: !DCPS_MIN !NO_MCAST !OPENDDS_SAFETY_PROFILE !DDS_NO_OWNERSHIP_PROFILE
tests/DCPS/Messenger/run_test.pl default_multicast: !DCPS_MIN !NO_MCAST !OPENDDS_SAFETY_PROFILE !DDS_NO_OWNERSHIP_PROFILE
tests/DCPS/Messenger/run_test.pl shmem: !DCPS_MIN !NO_SHMEM !OPENDDS_SAFETY_PROFILE !DDS_NO_OWNERSHIP_PROFILE
tests/DCPS/Messenger/run_test.pl nobits: !DCPS_MIN !OPENDDS_SAFETY_PROFILE !DDS_NO_OWNERSHIP_PROFILE
tests/DCPS/Messenger/run_test.pl stack: !DCPS_MIN !OPENDDS_SAFETY_PROFILE !DDS_NO_OWNERSHIP_PROFILE
tests/DCPS/Messenger/run_test.pl ipv6: IPV6 !DCPS_MIN !OPENDDS_SAFETY_PROFILE !DDS_NO_OWNERSHIP_PROFILE
tests/DCPS/Messenger/run_test.pl rtps: !DCPS_MIN !NO_MCAST RTPS !OPENDDS_SAFETY_PROFILE !DDS_NO_OWNERSHIP_PROFILE
tests/DCPS/Messenger/run_test.pl rtps_unicast: !DCPS_MIN RTPS !OPENDDS_SAFETY_PROFILE !DDS_NO_OWNERSHIP_PROFILE
tests/DCPS/Messenger/run_test.pl rtps_disc: !DCPS_MIN !NO_MCAST RTPS !DDS_NO_OWNERSHIP_PROFILE
tests/DCPS/Messenger/run_test.pl rtps_disc_tcp: !DCPS_MIN !NO_MCAST RTPS !OPENDDS_SAFETY_PROFILE !DDS_NO_OWNERSHIP_PROFILE
tests/DCPS/Messenger/run_test.pl rtps_disc_tcp thread_per: !DCPS_MIN !NO_MCAST RTPS !OPENDDS_SAFETY_PROFILE !DDS_NO_OWNERSHIP_PROFILE
tests/DCPS/Messenger/run_test.pl rtps_disc_tcp_udp: !DCPS_MIN !NO_MCAST RTPS !OPENDDS_SAFETY_PROFILE !DDS_NO_OWNERSHIP_PROFILE
tests/DCPS/Messenger/run_test.pl rtps_disc_half_sec_pub: !DCPS_MIN !NO_MCAST RTPS !DDS_NO_OWNERSHIP_PROFILE
tests/DCPS/Messenger/run_test.pl rtps_disc_half_sec_sub: !DCPS_MIN !NO_MCAST RTPS !DDS_NO_OWNERSHIP_PROFILE
tests/DCPS/Messenger/run_test.pl rtps_disc_sec: !DCPS_MIN !NO_MCAST RTPS !DDS_NO_OWNERSHIP_PROFILE

tests/DCPS/Messenger/run_corbaloc_test.pl: !DCPS_MIN !OPENDDS_SAFETY_PROFILE !DDS_NO_OWNERSHIP_PROFILE
tests/DCPS/Messenger/run_corbaloc_test.pl host_port_only: !DCPS_MIN !OPENDDS_SAFETY_PROFILE !DDS_NO_OWNERSHIP_PROFILE
tests/DCPS/Messenger/run_ns_test.pl: !DCPS_MIN !DDS_NO_ORBSVCS !OPENDDS_SAFETY_PROFILE !DDS_NO_OWNERSHIP_PROFILE

tests/DCPS/UnionTopic/run_test.pl: !DCPS_MIN !OPENDDS_SAFETY_PROFILE !DDS_NO_OWNERSHIP_PROFILE RTPS

tests/DCPS/RecorderReplayer/run_test.pl: !DCPS_MIN !OPENDDS_SAFETY_PROFILE
tests/DCPS/RecorderReplayer/run_test.pl rtps_disc: !DCPS_MIN !NO_MCAST RTPS

tests/DCPS/RecorderLogging/run_test.pl: !DCPS_MIN !OPENDDS_SAFETY_PROFILE
tests/DCPS/RecorderLogging/run_test.pl rtps_disc: !DCPS_MIN !NO_MCAST RTPS

examples/DCPS/Messenger_Imr/run_test.pl: !DCPS_MIN !MIN_CORBA !CORBA_E_COMPACT !CORBA_E_MICRO !DDS_NO_ORBSVCS !OPENDDS_SAFETY_PROFILE

tests/DCPS/EntityLifecycleStress/run_test.pl publishers 10 subscribers 10: !OPENDDS_SAFETY_PROFILE
tests/DCPS/EntityLifecycleStress/run_test.pl rtps publishers 10 subscribers 10: RTPS !OPENDDS_SAFETY_PROFILE
tests/DCPS/EntityLifecycleStress/run_test.pl rtps_disc publishers 10 subscribers 10: RTPS
tests/DCPS/EntityLifecycleStress/run_test.pl rtps_disc_tcp publishers 10 subscribers 10: RTPS !OPENDDS_SAFETY_PROFILE
tests/DCPS/EntityLifecycleStress/run_test.pl large_samples publishers 10 subscribers 10: !OPENDDS_SAFETY_PROFILE
tests/DCPS/EntityLifecycleStress/run_test.pl large_samples rtps publishers 10 subscribers 10: RTPS !OPENDDS_SAFETY_PROFILE
tests/DCPS/EntityLifecycleStress/run_test.pl large_samples rtps_disc publishers 10 subscribers 10: RTPS
tests/DCPS/EntityLifecycleStress/run_test.pl large_samples rtps_disc_tcp publishers 10 subscribers 10: RTPS !OPENDDS_SAFETY_PROFILE

tests/DCPS/LivelinessKeepAliveTest/run_test.pl: !DCPS_MIN !OPENDDS_SAFETY_PROFILE
tests/DCPS/LivelinessTimeout/run_test.pl: !DCPS_MIN
tests/DCPS/LivelinessTimeout/run_test.pl rtps_disc: !DCPS_MIN RTPS
tests/DCPS/BitDataReader/run_test.pl: !DCPS_MIN !NO_BUILT_IN_TOPICS

tests/unit-tests/run_test.pl: !DCPS_MIN !NO_UNIT_TESTS
tests/stress-tests/run_test.pl: !DCPS_MIN !NO_UNIT_TESTS

tests/DCPS/KeyTest/run_test.pl keymarshalling: !DCPS_MIN
tests/DCPS/KeyTest/run_test.pl isbounded: !DCPS_MIN
tests/DCPS/KeyTest/run_test.pl md5: !DCPS_MIN
tests/DCPS/KeyTest/run_test.pl compiler: !DCPS_MIN !TARGET !OPENDDS_SAFETY_PROFILE
tests/DCPS/CompatibilityTest/run_test.pl: !DCPS_MIN !OPENDDS_SAFETY_PROFILE
tests/DCPS/CompatibilityTest/run_test.pl rtps_disc: !DCPS_MIN RTPS !GH_ACTIONS_M10
tests/DCPS/CompatibilityTest/run_test.pl rtps_disc_tcp: !DCPS_MIN RTPS !OPENDDS_SAFETY_PROFILE
tests/DCPS/Partition/run_test.pl: !DCPS_MIN
tests/DCPS/Deadline/run_test.pl: !DCPS_MIN !OPENDDS_SAFETY_PROFILE
tests/DCPS/Deadline/run_test.pl rtps_disc: !DCPS_MIN !NO_MCAST RTPS
tests/DCPS/Lifespan/run_test.pl: !DCPS_MIN !DDS_NO_OWNERSHIP_PROFILE
tests/DCPS/Lifespan/run_test.pl rtps_disc: !DCPS_MIN !DDS_NO_OWNERSHIP_PROFILE RTPS
tests/DCPS/TransientDurability/run_test.pl: !DCPS_MIN !DDS_NO_PERSISTENCE_PROFILE !DDS_NO_OWNERSHIP_PROFILE
tests/DCPS/PersistentDurability/run_test.pl: !DCPS_MIN !DDS_NO_PERSISTENCE_PROFILE !DDS_NO_OWNERSHIP_PROFILE
tests/DCPS/SampleLost/run_test.pl: !DCPS_MIN !DDS_NO_PERSISTENCE_PROFILE !DDS_NO_OWNERSHIP_PROFILE
tests/DCPS/SetQosDeadline/run_test.pl: !DCPS_MIN !OPENDDS_SAFETY_PROFILE
tests/DCPS/SetQosDeadline/run_test.pl rtps_disc: !DCPS_MIN !NO_MCAST RTPS
tests/DCPS/SetQosPartition/run_test.pl ini=inforepo_tcp.ini: !DCPS_MIN !OPENDDS_SAFETY_PROFILE
tests/DCPS/SetQosPartition/run_test.pl ini=rtps_rtps.ini: !DCPS_MIN !NO_MCAST RTPS
tests/DCPS/SetQosPartition/run_test.pl ini=rtps_tcp.ini: !DCPS_MIN !NO_MCAST RTPS !OPENDDS_SAFETY_PROFILE
tests/DCPS/StringKey/run_test.pl: !DCPS_MIN
tests/DCPS/GuardCondition/run_test.pl: !DCPS_MIN
tests/DCPS/StatusCondition/run_test.pl: !DCPS_MIN !DDS_NO_PERSISTENCE_PROFILE
tests/DCPS/ReadCondition/run_test.pl: !DCPS_MIN
tests/DCPS/RegisterInstance/run_test.pl: !DCPS_MIN RTPS
tests/DCPS/Rejects/run_test.pl: !DCPS_MIN !OPENDDS_SAFETY_PROFILE !DDS_NO_OWNERSHIP_PROFILE
tests/DCPS/Rejects/run_test.pl rtps_disc: !DCPS_MIN !NO_MCAST RTPS !DDS_NO_OWNERSHIP_PROFILE

tests/DCPS/FilterExpression/run_test.pl: !DCPS_MIN !DDS_NO_CONTENT_SUBSCRIPTION

tests/DCPS/QueryCondition/run_test.pl: !DCPS_MIN !DDS_NO_QUERY_CONDITION !DDS_NO_CONTENT_SUBSCRIPTION !DDS_NO_OWNERSHIP_PROFILE
tests/DCPS/QueryCondition/run_test.pl rtps_disc: !DCPS_MIN !DDS_NO_QUERY_CONDITION !DDS_NO_CONTENT_SUBSCRIPTION RTPS !DDS_NO_OWNERSHIP_PROFILE
tests/DCPS/QueryCondition/run_test.pl rtps_disc dynamic: !DCPS_MIN !DDS_NO_QUERY_CONDITION !DDS_NO_CONTENT_SUBSCRIPTION RTPS !DDS_NO_OWNERSHIP_PROFILE

tests/DCPS/ContentFilteredTopic/run_test.pl: !DCPS_MIN !DDS_NO_CONTENT_FILTERED_TOPIC !DDS_NO_CONTENT_SUBSCRIPTION !OPENDDS_SAFETY_PROFILE !DDS_NO_OWNERSHIP_PROFILE
tests/DCPS/ContentFilteredTopic/run_test.pl nopub: !DCPS_MIN !DDS_NO_CONTENT_FILTERED_TOPIC !DDS_NO_CONTENT_SUBSCRIPTION !OPENDDS_SAFETY_PROFILE !DDS_NO_OWNERSHIP_PROFILE
tests/DCPS/ContentFilteredTopic/run_test.pl rtps_disc: !DCPS_MIN !NO_MCAST !DDS_NO_CONTENT_FILTERED_TOPIC !DDS_NO_CONTENT_SUBSCRIPTION RTPS !DDS_NO_OWNERSHIP_PROFILE
tests/DCPS/ContentFilteredTopic/run_test.pl rtps_disc nopub: !DCPS_MIN !NO_MCAST !DDS_NO_CONTENT_FILTERED_TOPIC !DDS_NO_CONTENT_SUBSCRIPTION RTPS !DDS_NO_OWNERSHIP_PROFILE
tests/DCPS/ContentFilteredTopic/run_test.pl rtps_disc dynamic: !DCPS_MIN !NO_MCAST !DDS_NO_CONTENT_FILTERED_TOPIC !DDS_NO_CONTENT_SUBSCRIPTION RTPS !DDS_NO_OWNERSHIP_PROFILE
tests/DCPS/ContentFilteredTopic/run_test.pl rtps_disc nopub dynamic: !DCPS_MIN !NO_MCAST !DDS_NO_CONTENT_FILTERED_TOPIC !DDS_NO_CONTENT_SUBSCRIPTION RTPS !DDS_NO_OWNERSHIP_PROFILE

tests/DCPS/TopicExpression/run_test.pl: !DCPS_MIN !DDS_NO_MULTI_TOPIC !DDS_NO_CONTENT_SUBSCRIPTION
tests/DCPS/MultiTopic/run_test.pl classic: !DCPS_MIN !DDS_NO_MULTI_TOPIC !DDS_NO_CONTENT_SUBSCRIPTION !OPENDDS_SAFETY_PROFILE
tests/DCPS/MultiTopic/run_test.pl classic rtps_disc: !DCPS_MIN !DDS_NO_MULTI_TOPIC !DDS_NO_CONTENT_SUBSCRIPTION RTPS !STATIC !BROKEN_DLCLOSE
tests/DCPS/MultiTopic/run_test.pl cpp11: !DCPS_MIN !DDS_NO_MULTI_TOPIC !DDS_NO_CONTENT_SUBSCRIPTION !OPENDDS_SAFETY_PROFILE CXX11
tests/DCPS/MultiTopic/run_test.pl cpp11 rtps_disc: !DCPS_MIN !DDS_NO_MULTI_TOPIC !DDS_NO_CONTENT_SUBSCRIPTION RTPS !STATIC CXX11
tests/DCPS/MetaStruct/run_test.pl: !DCPS_MIN !DDS_NO_CONTENT_SUBSCRIPTION !DDS_NO_MULTI_TOPIC

tests/DCPS/Federation/run_test.pl: !DCPS_MIN !DDS_NO_OWNERSHIP_PROFILE !OPENDDS_SAFETY_PROFILE !GH_ACTIONS
tests/DCPS/FileSystemStorage/run_test.pl: !DCPS_MIN !OPENDDS_SAFETY_PROFILE
tests/DCPS/Priority/run_test.pl: !DCPS_MIN !QNX !OPENDDS_SAFETY_PROFILE !DDS_NO_OWNERSHIP_PROFILE
tests/DCPS/Priority/run_test.pl --instances: !DCPS_MIN !QNX !OPENDDS_SAFETY_PROFILE !DDS_NO_OWNERSHIP_PROFILE
tests/DCPS/LatencyBudget/run_test.pl: !DCPS_MIN !OPENDDS_SAFETY_PROFILE
tests/DCPS/LatencyBudget/run_test.pl late: !DCPS_MIN !OPENDDS_SAFETY_PROFILE
tests/DCPS/WaitForAck/run_test.pl: !DCPS_MIN !DDS_NO_OWNERSHIP_PROFILE !OPENDDS_SAFETY_PROFILE
tests/DCPS/WaitForAck/run_test.pl rtps: !DCPS_MIN RTPS !DDS_NO_OWNERSHIP_PROFILE
tests/DCPS/WaitForAck/run_test.pl --publisher: !DCPS_MIN !DDS_NO_OWNERSHIP_PROFILE !OPENDDS_SAFETY_PROFILE
tests/DCPS/WaitForAck/run_test.pl rtps --publisher: !DCPS_MIN RTPS !DDS_NO_OWNERSHIP_PROFILE
tests/DCPS/WaitForAckRace/run_test.pl subscribers 3: !DCPS_MIN !DDS_NO_OWNERSHIP_PROFILE !OPENDDS_SAFETY_PROFILE
tests/DCPS/WaitForAckRace/run_test.pl subscribers 3 large_samples: !DCPS_MIN !DDS_NO_OWNERSHIP_PROFILE !OPENDDS_SAFETY_PROFILE
tests/DCPS/WaitForAckRace/run_test.pl subscribers 3 sub_delay: !DCPS_MIN !DDS_NO_OWNERSHIP_PROFILE !OPENDDS_SAFETY_PROFILE
tests/DCPS/WaitForAckRace/run_test.pl subscribers 3 sub_delay large_samples: !DCPS_MIN !DDS_NO_OWNERSHIP_PROFILE !OPENDDS_SAFETY_PROFILE
tests/DCPS/WaitForAckRace/run_test.pl rtps_disc subscribers 3: !DCPS_MIN RTPS !DDS_NO_OWNERSHIP_PROFILE !OPENDDS_SAFETY_PROFILE
tests/DCPS/WaitForAckRace/run_test.pl rtps_disc subscribers 3 large_samples: !DCPS_MIN RTPS !DDS_NO_OWNERSHIP_PROFILE !OPENDDS_SAFETY_PROFILE
tests/DCPS/WaitForAckRace/run_test.pl rtps_disc subscribers 3 sub_delay: !DCPS_MIN RTPS !DDS_NO_OWNERSHIP_PROFILE !OPENDDS_SAFETY_PROFILE
tests/DCPS/WaitForAckRace/run_test.pl rtps_disc subscribers 3 sub_delay large_samples: !DCPS_MIN RTPS !DDS_NO_OWNERSHIP_PROFILE !OPENDDS_SAFETY_PROFILE
tests/DCPS/Thrasher/run_test.pl single: !DCPS_MIN !LYNXOS !OPENDDS_SAFETY_PROFILE
tests/DCPS/Thrasher/run_test.pl double: !DCPS_MIN !LYNXOS !OPENDDS_SAFETY_PROFILE
tests/DCPS/Thrasher/run_test.pl triangle: !DCPS_MIN !LYNXOS !OPENDDS_SAFETY_PROFILE
tests/DCPS/Thrasher/run_test.pl default: !DCPS_MIN !LYNXOS !OPENDDS_SAFETY_PROFILE
tests/DCPS/Thrasher/run_test.pl low: !DCPS_MIN !LYNXOS !OPENDDS_SAFETY_PROFILE
tests/DCPS/Thrasher/run_test.pl medium: !DCPS_MIN !LYNXOS !OPENDDS_SAFETY_PROFILE
tests/DCPS/Thrasher/run_test.pl high: !DCPS_MIN !LYNXOS !OPENDDS_SAFETY_PROFILE
tests/DCPS/Thrasher/run_test.pl aggressive: !DCPS_MIN !LYNXOS !OPENDDS_SAFETY_PROFILE
tests/DCPS/Thrasher/run_test.pl single rtps: !DCPS_MIN RTPS !LYNXOS
tests/DCPS/Thrasher/run_test.pl double rtps: !DCPS_MIN RTPS !LYNXOS
tests/DCPS/Thrasher/run_test.pl triangle rtps: !DCPS_MIN RTPS !LYNXOS
tests/DCPS/Thrasher/run_test.pl default rtps: !DCPS_MIN RTPS !LYNXOS
tests/DCPS/Thrasher/run_test.pl low rtps: !DCPS_MIN RTPS !LYNXOS
tests/DCPS/Thrasher/run_test.pl medium rtps: !DCPS_MIN RTPS !LYNXOS
tests/DCPS/Thrasher/run_test.pl high rtps: !DCPS_MIN RTPS !LYNXOS !OPENDDS_SAFETY_PROFILE !GH_ACTIONS_ASAN
tests/DCPS/Thrasher/run_test.pl aggressive rtps: !DCPS_MIN RTPS !LYNXOS !OPENDDS_SAFETY_PROFILE !GH_ACTIONS_ASAN
tests/DCPS/Thrasher/run_test.pl single durable: !DCPS_MIN !LYNXOS !OPENDDS_SAFETY_PROFILE
tests/DCPS/Thrasher/run_test.pl double durable: !DCPS_MIN !LYNXOS !OPENDDS_SAFETY_PROFILE
tests/DCPS/Thrasher/run_test.pl triangle durable: !DCPS_MIN !LYNXOS !OPENDDS_SAFETY_PROFILE
tests/DCPS/Thrasher/run_test.pl default durable: !DCPS_MIN !LYNXOS !OPENDDS_SAFETY_PROFILE
tests/DCPS/Thrasher/run_test.pl low durable: !DCPS_MIN !LYNXOS !OPENDDS_SAFETY_PROFILE
tests/DCPS/Thrasher/run_test.pl medium durable: !DCPS_MIN !LYNXOS !OPENDDS_SAFETY_PROFILE
tests/DCPS/Thrasher/run_test.pl high durable: !DCPS_MIN !LYNXOS !OPENDDS_SAFETY_PROFILE
tests/DCPS/Thrasher/run_test.pl aggressive durable: !DCPS_MIN !LYNXOS !OPENDDS_SAFETY_PROFILE
tests/DCPS/Thrasher/run_test.pl single rtps durable: !DCPS_MIN RTPS !LYNXOS
tests/DCPS/Thrasher/run_test.pl double rtps durable: !DCPS_MIN RTPS !LYNXOS
tests/DCPS/Thrasher/run_test.pl triangle rtps durable: !DCPS_MIN RTPS !LYNXOS
tests/DCPS/Thrasher/run_test.pl default rtps durable: !DCPS_MIN RTPS !LYNXOS
tests/DCPS/Thrasher/run_test.pl low rtps durable: !DCPS_MIN RTPS !LYNXOS
tests/DCPS/Thrasher/run_test.pl medium rtps durable: !DCPS_MIN RTPS !LYNXOS
tests/DCPS/Thrasher/run_test.pl high rtps durable: !DCPS_MIN RTPS !LYNXOS !OPENDDS_SAFETY_PROFILE !GH_ACTIONS_ASAN
tests/DCPS/Thrasher/run_test.pl aggressive rtps durable: !DCPS_MIN RTPS !LYNXOS !OPENDDS_SAFETY_PROFILE !GH_ACTIONS_ASAN
tests/DCPS/DPFactoryQos/run_test.pl: !DCPS_MIN
tests/DCPS/DPFactoryQos/run_test.pl rtps_disc: !DCPS_MIN RTPS
tests/DCPS/ManualAssertLiveliness/run_test.pl: !DCPS_MIN !OPENDDS_SAFETY_PROFILE
tests/DCPS/ManualAssertLiveliness/run_test.pl lost: !DCPS_MIN !OPENDDS_SAFETY_PROFILE
tests/DCPS/ManualAssertLiveliness/run_test.pl rtps: !DCPS_MIN RTPS !OPENDDS_SAFETY_PROFILE
tests/DCPS/ManualAssertLiveliness/run_test.pl rtps lost: !DCPS_MIN RTPS !OPENDDS_SAFETY_PROFILE
tests/DCPS/ManualAssertLiveliness/run_test.pl rtpsdisco: !DCPS_MIN RTPS !OPENDDS_SAFETY_PROFILE
tests/DCPS/ManualAssertLiveliness/run_test.pl rtpsdisco lost: !DCPS_MIN RTPS !OPENDDS_SAFETY_PROFILE
tests/DCPS/ManualAssertLiveliness/run_test.pl rtpsdisco rtps: !DCPS_MIN RTPS !OPENDDS_SAFETY_PROFILE
tests/DCPS/ManualAssertLiveliness/run_test.pl rtpsdisco rtps lost: !DCPS_MIN RTPS !OPENDDS_SAFETY_PROFILE
tests/DCPS/Serializer_wstring/run_test.pl: !DCPS_MIN !OPENDDS_SAFETY_PROFILE
tests/DCPS/SharedTransport/run_test.pl: !DCPS_MIN !OPENDDS_SAFETY_PROFILE
tests/DCPS/SharedTransport/run_test.pl rtps: !DCPS_MIN !OPENDDS_SAFETY_PROFILE RTPS
tests/DCPS/SharedTransport/run_test.pl rtps 2: !DCPS_MIN !OPENDDS_SAFETY_PROFILE RTPS
tests/DCPS/SharedTransport/run_test.pl udp: !DCPS_MIN !OPENDDS_SAFETY_PROFILE
tests/DCPS/SharedTransport/run_test.pl multicast: !DCPS_MIN !NO_MCAST !OPENDDS_SAFETY_PROFILE !GH_ACTIONS
tests/DCPS/SharedTransport/run_test.pl shmem: !DCPS_MIN !NO_SHMEM !OPENDDS_SAFETY_PROFILE
tests/DCPS/SharedTransport/run_test.pl rtps_disc_tcp: !DCPS_MIN !NO_MCAST RTPS !OPENDDS_SAFETY_PROFILE
tests/DCPS/Ownership/run_test.pl: !DCPS_MIN !DDS_NO_OWNERSHIP_KIND_EXCLUSIVE !DDS_NO_OWNERSHIP_PROFILE
tests/DCPS/Ownership/run_test.pl update_strength: !DCPS_MIN !NO_BUILT_IN_TOPICS  !DDS_NO_OWNERSHIP_KIND_EXCLUSIVE !DDS_NO_OWNERSHIP_PROFILE
tests/DCPS/Ownership/run_test.pl liveliness_change: !DCPS_MIN !DDS_NO_OWNERSHIP_KIND_EXCLUSIVE !DDS_NO_OWNERSHIP_PROFILE
tests/DCPS/Ownership/run_test.pl miss_deadline: !DCPS_MIN !DDS_NO_OWNERSHIP_KIND_EXCLUSIVE !DDS_NO_OWNERSHIP_PROFILE
tests/DCPS/Ownership/run_test.pl rtps: !DCPS_MIN RTPS !DDS_NO_OWNERSHIP_KIND_EXCLUSIVE !DDS_NO_OWNERSHIP_PROFILE
tests/DCPS/Ownership/run_test.pl update_strength rtps: !DCPS_MIN RTPS !NO_BUILT_IN_TOPICS  !DDS_NO_OWNERSHIP_KIND_EXCLUSIVE !DDS_NO_OWNERSHIP_PROFILE
tests/DCPS/Ownership/run_test.pl liveliness_change rtps: !DCPS_MIN RTPS !DDS_NO_OWNERSHIP_KIND_EXCLUSIVE !DDS_NO_OWNERSHIP_PROFILE
tests/DCPS/Ownership/run_test.pl miss_deadline rtps: !DCPS_MIN RTPS !DDS_NO_OWNERSHIP_KIND_EXCLUSIVE !DDS_NO_OWNERSHIP_PROFILE
tests/DCPS/GroupPresentation/run_test.pl: !DCPS_MIN !DDS_NO_OBJECT_MODEL_PROFILE !DDS_NO_OWNERSHIP_PROFILE
tests/DCPS/GroupPresentation/run_test.pl topic: !DCPS_MIN !DDS_NO_OBJECT_MODEL_PROFILE !DDS_NO_OWNERSHIP_PROFILE
tests/DCPS/GroupPresentation/run_test.pl instance: !DCPS_MIN !DDS_NO_OBJECT_MODEL_PROFILE !DDS_NO_OWNERSHIP_PROFILE
tests/DCPS/LargeSample/run_test.pl: !DCPS_MIN !OPENDDS_SAFETY_PROFILE !DDS_NO_OWNERSHIP_PROFILE
tests/DCPS/LargeSample/run_test.pl udp: !DCPS_MIN !OPENDDS_SAFETY_PROFILE !DDS_NO_OWNERSHIP_PROFILE
tests/DCPS/LargeSample/run_test.pl multicast: !DCPS_MIN !NO_MCAST !OPENDDS_SAFETY_PROFILE !DDS_NO_OWNERSHIP_PROFILE
tests/DCPS/LargeSample/run_test.pl multicast_async: !DCPS_MIN !NO_MCAST !OPENDDS_SAFETY_PROFILE !DDS_NO_OWNERSHIP_PROFILE
tests/DCPS/LargeSample/run_test.pl shmem: !DCPS_MIN !NO_SHMEM !OPENDDS_SAFETY_PROFILE !DDS_NO_OWNERSHIP_PROFILE
tests/DCPS/LargeSample/run_test.pl rtps: !DCPS_MIN RTPS !DDS_NO_OWNERSHIP_PROFILE !TARGET
tests/DCPS/ConfigFile/run_test.pl: !DCPS_MIN !OPENDDS_SAFETY_PROFILE
tests/DCPS/ConfigTransports/run_test.pl: !DCPS_MIN !OPENDDS_SAFETY_PROFILE
tests/DCPS/RtpsMessages/run_test.pl: !DCPS_MIN RTPS
tests/DCPS/RtpsDiscovery/run_test.pl: !DCPS_MIN !NO_MCAST RTPS !NO_BUILT_IN_TOPICS
tests/DCPS/MultiDiscovery/run_test.pl: !DCPS_MIN !NO_MCAST !TARGET
tests/DCPS/DomainRange/run_test.pl: !DCPS_MIN RTPS !OPENDDS_SAFETY_PROFILE
tests/DCPS/InternalThreadStatus/run_test.pl: !DCPS_MIN RTPS !OPENDDS_SAFETY_PROFILE !NO_BUILT_IN_TOPICS !DDS_NO_OWNERSHIP_PROFILE
tests/DCPS/StaticDiscovery/run_test.pl: !DCPS_MIN !NO_MCAST !DDS_NO_OWNERSHIP_PROFILE
tests/DCPS/StaticDiscovery/run_test.pl mp: !DCPS_MIN !NO_MCAST !DDS_NO_OWNERSHIP_PROFILE
tests/DCPS/StaticDiscovery/run_test.pl mp delay: !DCPS_MIN !NO_MCAST !DDS_NO_OWNERSHIP_PROFILE
tests/DCPS/StaticDiscovery/run_test.pl mr: !DCPS_MIN !NO_MCAST !DDS_NO_OWNERSHIP_PROFILE
tests/DCPS/StaticDiscovery/run_test.pl mw: !DCPS_MIN !NO_MCAST !DDS_NO_OWNERSHIP_PROFILE
tests/DCPS/StaticDiscovery/run_test.pl mini: !DCPS_MIN !NO_MCAST !TARGET !DDS_NO_OWNERSHIP_PROFILE
tests/DCPS/StaticDiscoveryReconnect/run_test.pl: !DCPS_MIN !NO_MCAST
tests/DCPS/SubscriberCycle/run_test.pl: !DCPS_MIN !DDS_NO_CONTENT_FILTERED_TOPIC !DDS_NO_CONTENT_SUBSCRIPTION !DDS_NO_OWNERSHIP_PROFILE

tests/transport/rtps/run_test.pl: !DCPS_MIN RTPS
tests/transport/rtps_reliability/run_test.pl: !DCPS_MIN RTPS
tests/transport/spdp/run_test.pl: !DCPS_MIN RTPS
tests/transport/rtps_directed_write/run_test.pl: !DCPS_MIN RTPS
tests/transport/best_effort_reader/run_test.pl: !DCPS_MIN RTPS

tests/DCPS/ManyTopicTest/run_test.pl: !DCPS_MIN !OPENDDS_SAFETY_PROFILE
tests/DCPS/ManyTopicTest/run_test.pl rtps: !DCPS_MIN RTPS

tests/DCPS/ManyTopicMultiProcess/run_test.pl: !DCPS_MIN

tests/DCPS/Monitor/run_test.pl: !DCPS_MIN !OPENDDS_SAFETY_PROFILE !NO_BUILT_IN_TOPICS

tests/DCPS/QoS_XML/dump/run_test.pl: XERCES3
tests/DCPS/QoS_XML/dumpXMLString/run_test.pl dcps_qos_xml_handler: XERCES3
tests/DCPS/ManyToMany/run_test.pl tcp 12to12 small: !DCPS_MIN !OPENDDS_SAFETY_PROFILE !DDS_NO_OWNERSHIP_PROFILE !LYNXOS
tests/DCPS/ManyToMany/run_test.pl tcp 12to12 large: !DCPS_MIN !OPENDDS_SAFETY_PROFILE !DDS_NO_OWNERSHIP_PROFILE !LYNXOS
tests/DCPS/ManyToMany/run_test.pl multicast 1to1 small: !DCPS_MIN !OPENDDS_SAFETY_PROFILE !DDS_NO_OWNERSHIP_PROFILE
tests/DCPS/ManyToMany/run_test.pl multicast 1to1 large: !DCPS_MIN !OPENDDS_SAFETY_PROFILE !DDS_NO_OWNERSHIP_PROFILE
tests/DCPS/ManyToMany/run_test.pl multicast_async 1to1 small: !DCPS_MIN !OPENDDS_SAFETY_PROFILE !DDS_NO_OWNERSHIP_PROFILE
tests/DCPS/ManyToMany/run_test.pl multicast_async 1to1 large: !DCPS_MIN !OPENDDS_SAFETY_PROFILE !DDS_NO_OWNERSHIP_PROFILE
tests/DCPS/ManyToMany/run_test.pl udp 1to1 small: !DCPS_MIN !OPENDDS_SAFETY_PROFILE !DDS_NO_OWNERSHIP_PROFILE
tests/DCPS/ManyToMany/run_test.pl udp 1to1 large: !DCPS_MIN !OPENDDS_SAFETY_PROFILE !DDS_NO_OWNERSHIP_PROFILE
tests/DCPS/ManyToMany/run_test.pl rtps 1to1 small: !DCPS_MIN RTPS !OPENDDS_SAFETY_PROFILE !DDS_NO_OWNERSHIP_PROFILE
tests/DCPS/ManyToMany/run_test.pl rtps 1to1 large: !DCPS_MIN RTPS !OPENDDS_SAFETY_PROFILE !DDS_NO_OWNERSHIP_PROFILE
tests/DCPS/ManyToMany/run_test.pl rtps_disc 12to12 small: !DCPS_MIN RTPS !DDS_NO_OWNERSHIP_PROFILE !LYNXOS
tests/DCPS/ManyToMany/run_test.pl shmem 1to1 small: !DCPS_MIN !OPENDDS_SAFETY_PROFILE !DDS_NO_OWNERSHIP_PROFILE !NO_SHMEM
tests/DCPS/ManyToMany/run_test.pl shmem 1to1 large: !DCPS_MIN !OPENDDS_SAFETY_PROFILE !DDS_NO_OWNERSHIP_PROFILE !NO_SHMEM
tests/DCPS/ManyToMany/run_test.pl tcp 20to20 small orb_csdtp: !DCPS_MIN !OPENDDS_SAFETY_PROFILE !DDS_NO_OWNERSHIP_PROFILE

tests/DCPS/PersistentInfoRepo/run_test.pl: !DCPS_MIN !OPENDDS_SAFETY_PROFILE

tests/DCPS/Instances/run_test.pl single_instance single_datawriter keyed: !DDS_NO_OWNERSHIP_PROFILE
tests/DCPS/Instances/run_test.pl single_instance single_datawriter nokey: !DDS_NO_OWNERSHIP_PROFILE
tests/DCPS/Instances/run_test.pl multiple_instance single_datawriter keyed: !DCPS_MIN !DDS_NO_OWNERSHIP_PROFILE
tests/DCPS/Instances/run_test.pl multiple_instance single_datawriter nokey: !DCPS_MIN !DDS_NO_OWNERSHIP_PROFILE
tests/DCPS/Instances/run_test.pl single_instance multiple_datawriter keyed: !DCPS_MIN !DDS_NO_OWNERSHIP_PROFILE
tests/DCPS/Instances/run_test.pl single_instance multiple_datawriter nokey: !DCPS_MIN !DDS_NO_OWNERSHIP_PROFILE
tests/DCPS/Instances/run_test.pl multiple_instance multiple_datawriter keyed: !DCPS_MIN !DDS_NO_OWNERSHIP_PROFILE
tests/DCPS/Instances/run_test.pl multiple_instance multiple_datawriter nokey: !DCPS_MIN !DDS_NO_OWNERSHIP_PROFILE
tests/DCPS/SkipSerialize/run_test.pl rtps_disc: !DCPS_MIN !NO_MCAST RTPS !DDS_NO_OWNERSHIP_PROFILE

tests/FACE/Messenger/run_test.pl: !DCPS_MIN !WCHAR RTPS !NO_BUILT_IN_TOPICS
tests/FACE/Messenger/run_test.pl callback: !DCPS_MIN !WCHAR RTPS !NO_BUILT_IN_TOPICS
tests/FACE/Messenger/run_test.pl static: !DCPS_MIN !WCHAR RTPS !NO_BUILT_IN_TOPICS
tests/FACE/Messenger/run_test.pl static callback: !DCPS_MIN !WCHAR RTPS !NO_BUILT_IN_TOPICS
tests/FACE/MultiDomainMessenger/run_test.pl: !DCPS_MIN !WCHAR RTPS !NO_BUILT_IN_TOPICS
tests/FACE/MultiDomainMessenger/run_test.pl callback: !DCPS_MIN !WCHAR RTPS !NO_BUILT_IN_TOPICS
tests/FACE/SingleProcessMessenger/run_test.pl: !DCPS_MIN !WCHAR RTPS !NO_BUILT_IN_TOPICS
tests/FACE/SingleProcessMessenger/run_test.pl callback: !DCPS_MIN !WCHAR RTPS !NO_BUILT_IN_TOPICS
tests/FACE/CallbackAndReceive/run_test.pl: !DCPS_MIN !WCHAR RTPS !NO_BUILT_IN_TOPICS
tests/FACE/Header/run_test.pl: !DCPS_MIN !WCHAR RTPS !NO_BUILT_IN_TOPICS
tests/FACE/Reliability/run_test.pl: !DCPS_MIN !WCHAR RTPS !NO_BUILT_IN_TOPICS
tests/FACE/Partition/run_test.pl: !DCPS_MIN !WCHAR RTPS !NO_BUILT_IN_TOPICS
tests/FACE/Compiler/idl_test1_main/run_test.pl: !DCPS_MIN !WCHAR !NO_BUILT_IN_TOPICS
tests/FACE/Compiler/idl_test3_main/run_test.pl: !DCPS_MIN !WCHAR !NO_BUILT_IN_TOPICS
tests/FACE/Compiler/idl_test_fixed/run_test.pl: !DCPS_MIN !WCHAR !NO_BUILT_IN_TOPICS

tests/DCPS/XTypes/run_test.pl: !DCPS_MIN
tests/DCPS/XTypes/run_test.pl --dynamic-writers: !DCPS_MIN !OPENDDS_SAFETY_PROFILE
tests/DCPS/XTypes/run_test.pl --dynamic-readers: !DCPS_MIN !OPENDDS_SAFETY_PROFILE
tests/DCPS/XTypes/run_test.pl --dynamic-writers --dynamic-readers: !DCPS_MIN !OPENDDS_SAFETY_PROFILE
tests/DCPS/XTypes/run_test.pl --tcp: !DCPS_MIN !OPENDDS_SAFETY_PROFILE !DDS_NO_OWNERSHIP_PROFILE
tests/DCPS/DynamicTypes/run_test.pl: !DCPS_MIN !OPENDDS_SAFETY_PROFILE

# Test for unregister_type method added as a type support extension (assuming no requirement when performing minimal test)
tests/DCPS/UnregisterType/run_test.pl: !DCPS_MIN

performance-tests/bench/unit-tests/run_test.pl: !DCPS_MIN !NO_UNIT_TESTS CXX11 RAPIDJSON

performance-tests/bench/run_test.pl ci-disco --show-worker-logs: !DCPS_MIN !NO_MCAST RTPS !DDS_NO_OWNERSHIP_PROFILE CXX11 RAPIDJSON !GH_ACTIONS_ASAN !Win32
performance-tests/bench/run_test.pl ci-disco-long --show-worker-logs: !DCPS_MIN !NO_MCAST RTPS !DDS_NO_OWNERSHIP_PROFILE CXX11 RAPIDJSON GH_ACTIONS_ASAN
performance-tests/bench/run_test.pl ci-disco-long --show-worker-logs --ignored: !DCPS_MIN !NO_MCAST RTPS !DDS_NO_OWNERSHIP_PROFILE CXX11 RAPIDJSON Win32
performance-tests/bench/run_test.pl ci-disco-repo --show-worker-logs: !DCPS_MIN !NO_MCAST RTPS !DDS_NO_OWNERSHIP_PROFILE CXX11 RAPIDJSON
performance-tests/bench/run_test.pl ci-echo --show-worker-logs: !DCPS_MIN !NO_MCAST RTPS !DDS_NO_OWNERSHIP_PROFILE CXX11 RAPIDJSON
performance-tests/bench/run_test.pl ci-echo-frag --show-worker-logs: !DCPS_MIN !NO_MCAST RTPS !DDS_NO_OWNERSHIP_PROFILE CXX11 RAPIDJSON
performance-tests/bench/run_test.pl ci-fan --show-worker-logs: !DCPS_MIN !NO_MCAST RTPS !DDS_NO_OWNERSHIP_PROFILE CXX11 RAPIDJSON
performance-tests/bench/run_test.pl ci-fan-ws --show-worker-logs: !DCPS_MIN !NO_MCAST RTPS !DDS_NO_OWNERSHIP_PROFILE CXX11 RAPIDJSON
performance-tests/bench/run_test.pl ci-fan-frag --show-worker-logs: !DCPS_MIN !NO_MCAST RTPS !DDS_NO_OWNERSHIP_PROFILE CXX11 RAPIDJSON
performance-tests/bench/run_test.pl ci-fan-frag-ws --show-worker-logs: !DCPS_MIN !NO_MCAST RTPS !DDS_NO_OWNERSHIP_PROFILE CXX11 RAPIDJSON !GH_ACTIONS_ASAN !OCI_ASAN !OCI_WIN32_DEBUG
performance-tests/bench/run_test.pl ci-mixed --show-worker-logs: !DCPS_MIN !NO_MCAST RTPS !DDS_NO_OWNERSHIP_PROFILE CXX11 RAPIDJSON

tests/DCPS/DataRepresentation/run_test.pl: !DCPS_MIN !OPENDDS_SAFETY_PROFILE
tests/DCPS/DataRepresentation/run_test.pl rtps_disc: !DCPS_MIN RTPS

tests/DCPS/RtpsDurableReplay/run_test.pl: RTPS OPENDDS_TESTING_FEATURES

tests/dissector/run_test.pl: RAPIDJSON WIRESHARK

tests/DCPS/HelloWorld/run_test.pl: !OPENDDS_SAFETY_PROFILE
tests/DCPS/HelloWorld/run_test.pl ini=rtps.ini: RTPS !OPENDDS_SAFETY_PROFILE

tests/DCPS/ZeroEnum/run_test.pl: !OPENDDS_SAFETY_PROFILE

tests/DCPS/TypeSupportPlugin/run_test.pl: !DCPS_MIN !BROKEN_DLCLOSE

tests/DCPS/DynamicData/run_test.pl dyn=dw ini=rtps.ini: RTPS !OPENDDS_SAFETY_PROFILE
tests/DCPS/DynamicData/run_test.pl dyn=dr ini=rtps.ini: RTPS !OPENDDS_SAFETY_PROFILE
tests/DCPS/DynamicData/run_test.pl dyn=dw ini=rtps.ini adapt: RTPS !OPENDDS_SAFETY_PROFILE !DDS_NO_CONTENT_SUBSCRIPTION

tests/DCPS/DynamicResponse/run_test.pl: RTPS !OPENDDS_SAFETY_PROFILE !DDS_NO_OWNERSHIP_PROFILE !NO_BUILT_IN_TOPICS

tests/DCPS/WaitSetLivelinessLost/run_test.pl: !DCPS_MIN !OPENDDS_SAFETY_PROFILE
tests/DCPS/WaitSetLivelinessLost/run_test.pl rtps_disc: !DCPS_MIN !OPENDDS_SAFETY_PROFILE RTPS
